// Jest Snapshot v1, https://goo.gl/fbAQLP

exports[`<CurrencyList /> renders properly 1`] = `
<styled__CurrencySwitcher>
  <CurrencyButton
    alias="RUB"
    checked={true}
    currencyName="Russian Rouble"
    handleChangeCurrency={[MockFunction]}
    key="Russian Rouble"
  />
  <CurrencyButton
    alias="USD"
    checked={false}
    currencyName="US Dollar"
    handleChangeCurrency={[MockFunction]}
    key="US Dollar"
  />
  <CurrencyButton
    alias="EUR"
    checked={false}
    currencyName="Euro"
    handleChangeCurrency={[MockFunction]}
    key="Euro"
  />
</styled__CurrencySwitcher>
`;
