// Jest Snapshot v1, https://goo.gl/fbAQLP

exports[`<Settings /> renders properly 1`] = `
<styled__SettingsContainer>
  <styled__CurrencySettings>
    <styled__Title>
      <styled__TitleText>
        Валюта
      </styled__TitleText>
    </styled__Title>
    <Connect(Currency) />
  </styled__CurrencySettings>
  <styled__SettingsElement
    as="ul"
  >
    <Connect(Filters)
      render={[Function]}
    />
  </styled__SettingsElement>
</styled__SettingsContainer>
`;
