// Jest Snapshot v1, https://goo.gl/fbAQLP

exports[`<CurrencyButton /> renders properly 1`] = `
<styled__SwitchButton
  checked={false}
>
  <styled__Radio
    checked={false}
    id="Russian Rouble-currency"
    name="currency"
    onChange={[Function]}
    value="Russian Rouble"
  />
  <styled__RadioLabel
    htmlFor="Russian Rouble-currency"
  >
    RUB
  </styled__RadioLabel>
</styled__SwitchButton>
`;
