// Jest Snapshot v1, https://goo.gl/fbAQLP

exports[`<Stops /> renders properly 1`] = `
<styled__StopsList>
  <styled__StopsListItem>
    <styled__Label
      htmlFor="stops-all"
    >
      <StopsCheckbox
        checked={false}
        id="stops-all"
        onChange={[Function]}
        value="-1"
      />
      <styled__LabelText>
        Все
      </styled__LabelText>
    </styled__Label>
  </styled__StopsListItem>
  <styled__StopsListItem
    key="0"
  >
    <styled__Label
      htmlFor="stops-0"
    >
      <StopsCheckbox
        checked={true}
        id="stops-0"
        onChange={[Function]}
        value="0"
      />
      <styled__LabelText>
        Без пересадок
      </styled__LabelText>
    </styled__Label>
    <StopOnly
      handleSelect={[Function]}
    />
  </styled__StopsListItem>
  <styled__StopsListItem
    key="1"
  >
    <styled__Label
      htmlFor="stops-1"
    >
      <StopsCheckbox
        checked={false}
        id="stops-1"
        onChange={[Function]}
        value="1"
      />
      <styled__LabelText>
        1 пересадка
      </styled__LabelText>
    </styled__Label>
    <StopOnly
      handleSelect={[Function]}
    />
  </styled__StopsListItem>
  <styled__StopsListItem
    key="2"
  >
    <styled__Label
      htmlFor="stops-2"
    >
      <StopsCheckbox
        checked={false}
        id="stops-2"
        onChange={[Function]}
        value="2"
      />
      <styled__LabelText>
        2 пересадки
      </styled__LabelText>
    </styled__Label>
    <StopOnly
      handleSelect={[Function]}
    />
  </styled__StopsListItem>
</styled__StopsList>
`;
