// Jest Snapshot v1, https://goo.gl/fbAQLP

exports[`<FlightDetails /> renders properly 1`] = `
<styled__FlightDetails>
  <styled__Route>
    <styled__Time>
      13:00
    </styled__Time>
    <styled__PathWithStops>
      <styled__Stops>
        1 пересадка
      </styled__Stops>
      <styled__Path>
        <styled__PathLine />
        <styled__PathPlane />
      </styled__Path>
    </styled__PathWithStops>
    <styled__Time>
      19:00
    </styled__Time>
  </styled__Route>
  <styled__Locations>
    <styled__Location>
      <styled__Name>
        ORG
        , 
        Origin Name
      </styled__Name>
      <styled__Date>
        12 янв 2018, Сб
      </styled__Date>
    </styled__Location>
    <styled__Location>
      <styled__Name>
        Destination Name
         
        DST
      </styled__Name>
      <styled__Date>
        12 янв 2018, Сб
      </styled__Date>
    </styled__Location>
  </styled__Locations>
</styled__FlightDetails>
`;
