// Jest Snapshot v1, https://goo.gl/fbAQLP

exports[`<FlightDetails /> renders properly 1`] = `
ShallowWrapper {
  "length": 1,
  Symbol(enzyme.__root__): [Circular],
  Symbol(enzyme.__unrendered__): <FlightDetailsContainer
    destination={
      Object {
        "code": "DST",
        "date": "12 янв 2018, Сб",
        "name": "Destination Name",
        "time": "19:00",
      }
    }
    origin={
      Object {
        "code": "ORG",
        "date": "12 янв 2018, Сб",
        "name": "Origin Name",
        "time": "13:00",
      }
    }
    stops="1"
  />,
  Symbol(enzyme.__renderer__): Object {
    "batchedUpdates": [Function],
    "getNode": [Function],
    "render": [Function],
    "simulateEvent": [Function],
    "unmount": [Function],
  },
  Symbol(enzyme.__node__): Object {
    "instance": null,
    "key": undefined,
    "nodeType": "class",
    "props": Object {
      "children": Array [
        <styled__Route>
          <styled__Time>
            13:00
          </styled__Time>
          <styled__PathWithStops>
            <styled__Stops>
              1 пересадка
            </styled__Stops>
            <styled__Path>
              <styled__PathLine />
              <styled__PathPlane />
            </styled__Path>
          </styled__PathWithStops>
          <styled__Time>
            19:00
          </styled__Time>
        </styled__Route>,
        <styled__Locations>
          <styled__Location>
            <styled__LocationItem>
              ORG
              , 
              Origin Name
            </styled__LocationItem>
            <styled__LocationItem>
              12 янв 2018, Сб
            </styled__LocationItem>
          </styled__Location>
          <styled__Location>
            <styled__LocationItem>
              Destination Name
               
              DST
            </styled__LocationItem>
            <styled__LocationItem>
              12 янв 2018, Сб
            </styled__LocationItem>
          </styled__Location>
        </styled__Locations>,
      ],
    },
    "ref": null,
    "rendered": Array [
      Object {
        "instance": null,
        "key": undefined,
        "nodeType": "class",
        "props": Object {
          "children": Array [
            <styled__Time>
              13:00
            </styled__Time>,
            <styled__PathWithStops>
              <styled__Stops>
                1 пересадка
              </styled__Stops>
              <styled__Path>
                <styled__PathLine />
                <styled__PathPlane />
              </styled__Path>
            </styled__PathWithStops>,
            <styled__Time>
              19:00
            </styled__Time>,
          ],
        },
        "ref": null,
        "rendered": Array [
          Object {
            "instance": null,
            "key": undefined,
            "nodeType": "class",
            "props": Object {
              "children": "13:00",
            },
            "ref": null,
            "rendered": "13:00",
            "type": [Function],
          },
          Object {
            "instance": null,
            "key": undefined,
            "nodeType": "class",
            "props": Object {
              "children": Array [
                <styled__Stops>
                  1 пересадка
                </styled__Stops>,
                <styled__Path>
                  <styled__PathLine />
                  <styled__PathPlane />
                </styled__Path>,
              ],
            },
            "ref": null,
            "rendered": Array [
              Object {
                "instance": null,
                "key": undefined,
                "nodeType": "class",
                "props": Object {
                  "children": "1 пересадка",
                },
                "ref": null,
                "rendered": "1 пересадка",
                "type": [Function],
              },
              Object {
                "instance": null,
                "key": undefined,
                "nodeType": "class",
                "props": Object {
                  "children": Array [
                    <styled__PathLine />,
                    <styled__PathPlane />,
                  ],
                },
                "ref": null,
                "rendered": Array [
                  Object {
                    "instance": null,
                    "key": undefined,
                    "nodeType": "class",
                    "props": Object {},
                    "ref": null,
                    "rendered": null,
                    "type": [Function],
                  },
                  Object {
                    "instance": null,
                    "key": undefined,
                    "nodeType": "class",
                    "props": Object {},
                    "ref": null,
                    "rendered": null,
                    "type": [Function],
                  },
                ],
                "type": [Function],
              },
            ],
            "type": [Function],
          },
          Object {
            "instance": null,
            "key": undefined,
            "nodeType": "class",
            "props": Object {
              "children": "19:00",
            },
            "ref": null,
            "rendered": "19:00",
            "type": [Function],
          },
        ],
        "type": [Function],
      },
      Object {
        "instance": null,
        "key": undefined,
        "nodeType": "class",
        "props": Object {
          "children": Array [
            <styled__Location>
              <styled__LocationItem>
                ORG
                , 
                Origin Name
              </styled__LocationItem>
              <styled__LocationItem>
                12 янв 2018, Сб
              </styled__LocationItem>
            </styled__Location>,
            <styled__Location>
              <styled__LocationItem>
                Destination Name
                 
                DST
              </styled__LocationItem>
              <styled__LocationItem>
                12 янв 2018, Сб
              </styled__LocationItem>
            </styled__Location>,
          ],
        },
        "ref": null,
        "rendered": Array [
          Object {
            "instance": null,
            "key": undefined,
            "nodeType": "class",
            "props": Object {
              "children": Array [
                <styled__LocationItem>
                  ORG
                  , 
                  Origin Name
                </styled__LocationItem>,
                <styled__LocationItem>
                  12 янв 2018, Сб
                </styled__LocationItem>,
              ],
            },
            "ref": null,
            "rendered": Array [
              Object {
                "instance": null,
                "key": undefined,
                "nodeType": "class",
                "props": Object {
                  "children": Array [
                    "ORG",
                    ", ",
                    "Origin Name",
                  ],
                },
                "ref": null,
                "rendered": Array [
                  "ORG",
                  ", ",
                  "Origin Name",
                ],
                "type": [Function],
              },
              Object {
                "instance": null,
                "key": undefined,
                "nodeType": "class",
                "props": Object {
                  "children": "12 янв 2018, Сб",
                },
                "ref": null,
                "rendered": "12 янв 2018, Сб",
                "type": [Function],
              },
            ],
            "type": [Function],
          },
          Object {
            "instance": null,
            "key": undefined,
            "nodeType": "class",
            "props": Object {
              "children": Array [
                <styled__LocationItem>
                  Destination Name
                   
                  DST
                </styled__LocationItem>,
                <styled__LocationItem>
                  12 янв 2018, Сб
                </styled__LocationItem>,
              ],
            },
            "ref": null,
            "rendered": Array [
              Object {
                "instance": null,
                "key": undefined,
                "nodeType": "class",
                "props": Object {
                  "children": Array [
                    "Destination Name",
                    " ",
                    "DST",
                  ],
                },
                "ref": null,
                "rendered": Array [
                  "Destination Name",
                  " ",
                  "DST",
                ],
                "type": [Function],
              },
              Object {
                "instance": null,
                "key": undefined,
                "nodeType": "class",
                "props": Object {
                  "children": "12 янв 2018, Сб",
                },
                "ref": null,
                "rendered": "12 янв 2018, Сб",
                "type": [Function],
              },
            ],
            "type": [Function],
          },
        ],
        "type": [Function],
      },
    ],
    "type": [Function],
  },
  Symbol(enzyme.__nodes__): Array [
    Object {
      "instance": null,
      "key": undefined,
      "nodeType": "class",
      "props": Object {
        "children": Array [
          <styled__Route>
            <styled__Time>
              13:00
            </styled__Time>
            <styled__PathWithStops>
              <styled__Stops>
                1 пересадка
              </styled__Stops>
              <styled__Path>
                <styled__PathLine />
                <styled__PathPlane />
              </styled__Path>
            </styled__PathWithStops>
            <styled__Time>
              19:00
            </styled__Time>
          </styled__Route>,
          <styled__Locations>
            <styled__Location>
              <styled__LocationItem>
                ORG
                , 
                Origin Name
              </styled__LocationItem>
              <styled__LocationItem>
                12 янв 2018, Сб
              </styled__LocationItem>
            </styled__Location>
            <styled__Location>
              <styled__LocationItem>
                Destination Name
                 
                DST
              </styled__LocationItem>
              <styled__LocationItem>
                12 янв 2018, Сб
              </styled__LocationItem>
            </styled__Location>
          </styled__Locations>,
        ],
      },
      "ref": null,
      "rendered": Array [
        Object {
          "instance": null,
          "key": undefined,
          "nodeType": "class",
          "props": Object {
            "children": Array [
              <styled__Time>
                13:00
              </styled__Time>,
              <styled__PathWithStops>
                <styled__Stops>
                  1 пересадка
                </styled__Stops>
                <styled__Path>
                  <styled__PathLine />
                  <styled__PathPlane />
                </styled__Path>
              </styled__PathWithStops>,
              <styled__Time>
                19:00
              </styled__Time>,
            ],
          },
          "ref": null,
          "rendered": Array [
            Object {
              "instance": null,
              "key": undefined,
              "nodeType": "class",
              "props": Object {
                "children": "13:00",
              },
              "ref": null,
              "rendered": "13:00",
              "type": [Function],
            },
            Object {
              "instance": null,
              "key": undefined,
              "nodeType": "class",
              "props": Object {
                "children": Array [
                  <styled__Stops>
                    1 пересадка
                  </styled__Stops>,
                  <styled__Path>
                    <styled__PathLine />
                    <styled__PathPlane />
                  </styled__Path>,
                ],
              },
              "ref": null,
              "rendered": Array [
                Object {
                  "instance": null,
                  "key": undefined,
                  "nodeType": "class",
                  "props": Object {
                    "children": "1 пересадка",
                  },
                  "ref": null,
                  "rendered": "1 пересадка",
                  "type": [Function],
                },
                Object {
                  "instance": null,
                  "key": undefined,
                  "nodeType": "class",
                  "props": Object {
                    "children": Array [
                      <styled__PathLine />,
                      <styled__PathPlane />,
                    ],
                  },
                  "ref": null,
                  "rendered": Array [
                    Object {
                      "instance": null,
                      "key": undefined,
                      "nodeType": "class",
                      "props": Object {},
                      "ref": null,
                      "rendered": null,
                      "type": [Function],
                    },
                    Object {
                      "instance": null,
                      "key": undefined,
                      "nodeType": "class",
                      "props": Object {},
                      "ref": null,
                      "rendered": null,
                      "type": [Function],
                    },
                  ],
                  "type": [Function],
                },
              ],
              "type": [Function],
            },
            Object {
              "instance": null,
              "key": undefined,
              "nodeType": "class",
              "props": Object {
                "children": "19:00",
              },
              "ref": null,
              "rendered": "19:00",
              "type": [Function],
            },
          ],
          "type": [Function],
        },
        Object {
          "instance": null,
          "key": undefined,
          "nodeType": "class",
          "props": Object {
            "children": Array [
              <styled__Location>
                <styled__LocationItem>
                  ORG
                  , 
                  Origin Name
                </styled__LocationItem>
                <styled__LocationItem>
                  12 янв 2018, Сб
                </styled__LocationItem>
              </styled__Location>,
              <styled__Location>
                <styled__LocationItem>
                  Destination Name
                   
                  DST
                </styled__LocationItem>
                <styled__LocationItem>
                  12 янв 2018, Сб
                </styled__LocationItem>
              </styled__Location>,
            ],
          },
          "ref": null,
          "rendered": Array [
            Object {
              "instance": null,
              "key": undefined,
              "nodeType": "class",
              "props": Object {
                "children": Array [
                  <styled__LocationItem>
                    ORG
                    , 
                    Origin Name
                  </styled__LocationItem>,
                  <styled__LocationItem>
                    12 янв 2018, Сб
                  </styled__LocationItem>,
                ],
              },
              "ref": null,
              "rendered": Array [
                Object {
                  "instance": null,
                  "key": undefined,
                  "nodeType": "class",
                  "props": Object {
                    "children": Array [
                      "ORG",
                      ", ",
                      "Origin Name",
                    ],
                  },
                  "ref": null,
                  "rendered": Array [
                    "ORG",
                    ", ",
                    "Origin Name",
                  ],
                  "type": [Function],
                },
                Object {
                  "instance": null,
                  "key": undefined,
                  "nodeType": "class",
                  "props": Object {
                    "children": "12 янв 2018, Сб",
                  },
                  "ref": null,
                  "rendered": "12 янв 2018, Сб",
                  "type": [Function],
                },
              ],
              "type": [Function],
            },
            Object {
              "instance": null,
              "key": undefined,
              "nodeType": "class",
              "props": Object {
                "children": Array [
                  <styled__LocationItem>
                    Destination Name
                     
                    DST
                  </styled__LocationItem>,
                  <styled__LocationItem>
                    12 янв 2018, Сб
                  </styled__LocationItem>,
                ],
              },
              "ref": null,
              "rendered": Array [
                Object {
                  "instance": null,
                  "key": undefined,
                  "nodeType": "class",
                  "props": Object {
                    "children": Array [
                      "Destination Name",
                      " ",
                      "DST",
                    ],
                  },
                  "ref": null,
                  "rendered": Array [
                    "Destination Name",
                    " ",
                    "DST",
                  ],
                  "type": [Function],
                },
                Object {
                  "instance": null,
                  "key": undefined,
                  "nodeType": "class",
                  "props": Object {
                    "children": "12 янв 2018, Сб",
                  },
                  "ref": null,
                  "rendered": "12 янв 2018, Сб",
                  "type": [Function],
                },
              ],
              "type": [Function],
            },
          ],
          "type": [Function],
        },
      ],
      "type": [Function],
    },
  ],
  Symbol(enzyme.__options__): Object {
    "adapter": ReactSixteenAdapter {
      "options": Object {
        "enableComponentDidUpdateOnSetState": true,
      },
    },
  },
}
`;
