// Jest Snapshot v1, https://goo.gl/fbAQLP

exports[`<TicketInfo /> renders properly 1`] = `
<styled__TicketInfoContainer
  transitionName="tickets"
>
  <styled__TicketSide>
    <styled__CarrierLogoPicture>
      <styled__CarrierLogoSource
        as="source"
        logo={
          Array [
            "/static/images/carriers/S7",
            "/static/images/carriers/S7@2x",
            "/static/images/carriers/S7@3x",
          ]
        }
      />
      <styled__CarrierLogo
        alt="S7"
        logo={
          Array [
            "/static/images/carriers/S7",
            "/static/images/carriers/S7@2x",
            "/static/images/carriers/S7@3x",
          ]
        }
      />
    </styled__CarrierLogoPicture>
    <div />
  </styled__TicketSide>
  <FlightDetailsContainer
    destination={
      Object {
        "code": "DST",
        "date": "12 окт 2018, Пт",
        "name": "Destination Name",
        "time": "12:00",
      }
    }
    origin={
      Object {
        "code": "ORG",
        "date": "12 окт 2018, Пт",
        "name": "Origin Name",
        "time": "12:00",
      }
    }
    stops="2"
  />
</styled__TicketInfoContainer>
`;
