// Jest Snapshot v1, https://goo.gl/fbAQLP

exports[`<Search /> renders properly 1`] = `
<Fragment>
  <Head />
  <styled__MainContainer>
    <styled__Content>
      <aside>
        <Settings />
      </aside>
      <main>
        <Connect(Tickets) />
      </main>
    </styled__Content>
  </styled__MainContainer>
</Fragment>
`;
