// Jest Snapshot v1, https://goo.gl/fbAQLP

exports[`<Error /> renders properly 1`] = `
<Message>
  <h2>
    <span>
      Билеты загрузить не удалось
    </span>
     
    <span
      role="img"
    >
      😥
    </span>
     
    (
    Some Error
    )
  </h2>
  <error__RetryButton
    onClick={[MockFunction]}
  >
    Повторить
  </error__RetryButton>
</Message>
`;
