// Jest Snapshot v1, https://goo.gl/fbAQLP

exports[`<StopsCheckbox /> renders properly 1`] = `
<styled__StopsCheckboxContainer>
  <styled__CheckboxTarget
    checked={false}
    id="stops-0"
    onChange={[MockFunction]}
    value="0"
  />
  <styled__CheckboxVisual />
</styled__StopsCheckboxContainer>
`;
